
> career-orbit@1.0.0 dev
> concurrently -k "npm:dev:api" "npm:dev:web"

[dev:api] 
[dev:api] > career-orbit@1.0.0 dev:api
[dev:api] > node server/index.mjs
[dev:api] 
[dev:web] 
[dev:web] > career-orbit@1.0.0 dev:web
[dev:web] > vite --configLoader runner
[dev:web] 
[dev:api] Career Orbit API listening on http://localhost:8788
[dev:web] 
[dev:web]   VITE v6.4.3  ready in 311 ms
[dev:web] 
[dev:web]   ➜  Local:   http://localhost:5173/
[dev:web]   ➜  Network: use --host to expose
[dev:api] 
[dev:api] Job: Business Development Representative, New York at notion
[dev:api] Status: Rejected
[dev:api] Reasons:
[dev:api] - Location mismatch
[dev:api] 
[dev:api] Job: Product Designer at notion
[dev:api] Status: Rejected
[dev:api] Reasons:
[dev:api] - Location mismatch
[dev:api] 
[dev:api] Job: Forward Deployed Engineer, GTM, AMER at notion
[dev:api] Status: Rejected
[dev:api] Reasons:
[dev:api] - Location mismatch
[dev:api] 
[dev:api] Job: Enterprise Sales Leader at notion
[dev:api] Status: Rejected
[dev:api] Reasons:
[dev:api] - Location mismatch
[dev:api] 
[dev:api] Job: Security Engineer, Detection and Response, Dublin at notion
[dev:api] Status: Rejected
[dev:api] Reasons:
[dev:api] - Location mismatch
[dev:api] 
[dev:api] Job: Forward Deployed Engineer, GTM, Japan at notion
[dev:api] Status: Rejected
[dev:api] Reasons:
[dev:api] - Location mismatch
[dev:api] 
[dev:api] Job: Partner Strategy & Operations Lead at notion
[dev:api] Status: Rejected
[dev:api] Reasons:
[dev:api] - Location mismatch
[dev:api] 
[dev:api] Job: Forward Deployed Engineer, GTM, France at notion
[dev:api] Status: Rejected
[dev:api] Reasons:
[dev:api] - Location mismatch
[dev:api] 
[dev:api] Job: Demand & Campaigns Lead, EMEA at notion
[dev:api] Status: Rejected
[dev:api] Reasons:
[dev:api] - Location mismatch
[dev:api] 
[dev:api] Job: Business Development Manager, Product & Platform at notion
[dev:api] Status: Rejected
[dev:api] Reasons:
[dev:api] - Location mismatch
[dev:api] 
[dev:api] Job: Software Engineer, Trust at notion
[dev:api] Status: Rejected
[dev:api] Reasons:
[dev:api] - Location mismatch
[dev:api] 
[dev:api] Job: Global Strategic Partner Manager at notion
[dev:api] Status: Rejected
[dev:api] Reasons:
[dev:api] - Location mismatch
[dev:api] 
[dev:api] Job: Developer Advocate at notion
[dev:api] Status: Rejected
[dev:api] Reasons:
[dev:api] - Location mismatch
[dev:api] 
[dev:api] Job: Startup Program & Experience Lead at notion
[dev:api] Status: Rejected
[dev:api] Reasons:
[dev:api] - Location mismatch
[dev:api] 
[dev:api] Job: Regional Partner Manager, DACH at notion
[dev:api] Status: Rejected
[dev:api] Reasons:
[dev:api] - Location mismatch
[dev:api] 
[dev:api] Job: Regional Partner Manager, France at notion
[dev:api] Status: Rejected
[dev:api] Reasons:
[dev:api] - Location mismatch
[dev:api] 
[dev:api] Job: Software Engineer, Web Infrastructure at notion
[dev:api] Status: Rejected
[dev:api] Reasons:
[dev:api] - Location mismatch
[dev:api] 
[dev:api] Job: Security Engineer, Detection and Response, San Francisco at notion
[dev:api] Status: Rejected
[dev:api] Reasons:
[dev:api] - Location mismatch
[dev:api] 
[dev:api] Job: Software Engineer, AI Security at notion
[dev:api] Status: Rejected
[dev:api] Reasons:
[dev:api] - Location mismatch
[dev:api] 
[dev:api] Job: APAC Campaigns & Content Lead at notion
[dev:api] Status: Rejected
[dev:api] Reasons:
[dev:api] - Location mismatch
[dev:api] 
[dev:api] Job: Engineering Manager, Search & Context Platform at notion
[dev:api] Status: Rejected
[dev:api] Reasons:
[dev:api] - Location mismatch
[dev:api] 
[dev:api] Job: CX Knowledge Architect at notion
[dev:api] Status: Rejected
[dev:api] Reasons:
[dev:api] - Location mismatch
[dev:api] 
[dev:api] Job: Technical Enablement Manager, Customer Experience at notion
[dev:api] Status: Rejected
[dev:api] Reasons:
[dev:api] - Location mismatch
[dev:api] 
[dev:api] Job: Customer Experience Strategy & Operations Lead at notion
[dev:api] Status: Rejected
[dev:api] Reasons:
[dev:api] - Location mismatch
[dev:api] 
[dev:api] Job: Country Manager, Taiwan at notion
[dev:api] Status: Rejected
[dev:api] Reasons:
[dev:api] - Location mismatch
[dev:api] 
[dev:api] Job: Country Manager, Italy at notion
[dev:api] Status: Rejected
[dev:api] Reasons:
[dev:api] - Location mismatch
[dev:api] 
[dev:api] Job: Country Manager, Spain at notion
[dev:api] Status: Rejected
[dev:api] Reasons:
[dev:api] - Location mismatch
[dev:api] 
[dev:api] Job: Head of Demand Engine at notion
[dev:api] Status: Rejected
[dev:api] Reasons:
[dev:api] - Location mismatch
[dev:api] 
[dev:api] Job: Product Marketing Manager, Core Product at notion
[dev:api] Status: Rejected
[dev:api] Reasons:
[dev:api] - Location mismatch
[dev:api] 
[dev:api] Job: Startup Market Lead, AMER at notion
[dev:api] Status: Rejected
[dev:api] Reasons:
[dev:api] - Location mismatch
[dev:api] 
[dev:api] Job: Partner Marketing Manager at notion
[dev:api] Status: Rejected
[dev:api] Reasons:
[dev:api] - Location mismatch
[dev:api] 
[dev:api] Job: Strategic Sourcing Manager at notion
[dev:api] Status: Rejected
[dev:api] Reasons:
[dev:api] - Location mismatch
[dev:api] 
[dev:api] Job: Regional Partner Manager, UK at notion
[dev:api] Status: Rejected
[dev:api] Reasons:
[dev:api] - Location mismatch
[dev:api] 
[dev:api] Job: SMB Marketing Manager at notion
[dev:api] Status: Rejected
[dev:api] Reasons:
[dev:api] - Location mismatch
[dev:api] 
[dev:api] Job: Notino Experience Program Manager - EMEA & APAC, Early Career at notion
[dev:api] Status: Rejected
[dev:api] Reasons:
[dev:api] - Location mismatch
[dev:api] 
[dev:api] Job: Head of Enterprise Solutions Consultants, Japan at notion
[dev:api] Status: Rejected
[dev:api] Reasons:
[dev:api] - Location mismatch
[dev:api] 
[dev:api] Job: Business Development Manager, DACH at notion
[dev:api] Status: Rejected
[dev:api] Reasons:
[dev:api] - Location mismatch
[dev:api] 
[dev:api] Job: Forward Deployed Engineer at notion
[dev:api] Status: Rejected
[dev:api] Reasons:
[dev:api] - Location mismatch
[dev:api] 
[dev:api] Job: Digital Marketing Executive in Ahmedabad at Sun Media Marketing
[dev:api] Status: Accepted
[dev:api] Role: 100, Skills: 0, Location: 100, Experience: 75
[dev:api] Final Score: 68
[dev:api] 
[dev:api] Job: Digital Marketing Specialist at GlobalVox
[dev:api] Status: Accepted
[dev:api] Role: 100, Skills: 0, Location: 100, Experience: 75
[dev:api] Final Score: 68
[dev:api] 
[dev:api] Job: Digital Marketing Specialist at Astral Limited
[dev:api] Status: Accepted
[dev:api] Role: 100, Skills: 0, Location: 100, Experience: 75
[dev:api] Final Score: 68
[dev:api] 
[dev:api] Job: Digital Marketing Executive at Uffizio
[dev:api] Status: Accepted
[dev:api] Role: 100, Skills: 0, Location: 100, Experience: 75
[dev:api] Final Score: 68
[dev:api] 
[dev:api] Job: Deputy Manager - Digital Marketing at Adani Enterprises Limited
[dev:api] Status: Accepted
[dev:api] Role: 100, Skills: 0, Location: 100, Experience: 75
[dev:api] Final Score: 68
[dev:api] 
[dev:api] Job: Digital Marketing Specialist at Lemolite Technologies LLP
[dev:api] Status: Accepted
[dev:api] Role: 100, Skills: 0, Location: 100, Experience: 75
[dev:api] Final Score: 68
[dev:api] 
[dev:api] Job: Digital Marketing Specialist at Arix Energix Limited (formerly Jupiter Infomedia Ltd)
[dev:api] Status: Accepted
[dev:api] Role: 100, Skills: 0, Location: 100, Experience: 75
[dev:api] Final Score: 68
[dev:api] 
[dev:api] Job: Digital Marketing & Content Specialist at iSummation Technologies Pvt Ltd.
[dev:api] Status: Accepted
[dev:api] Role: 100, Skills: 0, Location: 100, Experience: 75
[dev:api] Final Score: 68
[dev:api] 
[dev:api] Job: Digital Marketing Executive at AllEvents
[dev:api] Status: Accepted
[dev:api] Role: 100, Skills: 0, Location: 100, Experience: 75
[dev:api] Final Score: 68
[dev:api] 
[dev:api] Job: Digital Marketing Expert at GLOPBE
[dev:api] Status: Accepted
[dev:api] Role: 100, Skills: 0, Location: 100, Experience: 75
[dev:api] Final Score: 68
[dev:api] 
[dev:api] Job: Sales Jedi at Creative Force
[dev:api] Status: Rejected
[dev:api] Reasons:
[dev:api] - Location mismatch
[dev:api] 
[dev:api] Job: SaaS Product Support Jedi at Creative Force
[dev:api] Status: Rejected
[dev:api] Reasons:
[dev:api] - Location mismatch
[dev:api] 
[dev:api] Job: Freelance Writer at IAPWE
[dev:api] Status: Rejected
[dev:api] Reasons:
[dev:api] - Location mismatch
[dev:api] 
[dev:api] Job: Freelance Copywriter at Coalition Technologies
[dev:api] Status: Rejected
[dev:api] Reasons:
[dev:api] - Location mismatch
[dev:api] 
[dev:api] Job: Senior Graphic Designer at Lemon.io
[dev:api] Status: Rejected
[dev:api] Reasons:
[dev:api] - Location mismatch
[dev:api] 
[dev:api] Job: Data Labeling Specialists at Workada
[dev:api] Status: Rejected
[dev:api] Reasons:
[dev:api] - Location mismatch
[dev:api] 
[dev:api] Job: Business Development Representative at Outsite
[dev:api] Status: Rejected
[dev:api] Reasons:
[dev:api] - Location mismatch
[dev:api] 
[dev:api] Job: Content Reviewer - United States at TELUS Digital
[dev:api] Status: Rejected
[dev:api] Reasons:
[dev:api] - Location mismatch
[dev:api] 
[dev:api] Job: Product Sales Specialist - Pet Health (CST timezone) at Tribe Wellness
[dev:api] Status: Rejected
[dev:api] Reasons:
[dev:api] - Location mismatch
[dev:api] 
[dev:api] Job: Patient Care Specialist at STATLINX
[dev:api] Status: Rejected
[dev:api] Reasons:
[dev:api] - Location mismatch
[dev:api] 
[dev:api] Job: Senior Independent Software Developer at A.Team
[dev:api] Status: Rejected
[dev:api] Reasons:
[dev:api] - Location mismatch
[dev:api] 
[dev:api] Job: Senior Independent AI Engineer / Architect at A.Team
[dev:api] Status: Rejected
[dev:api] Reasons:
[dev:api] - Location mismatch
[dev:api] 
[dev:api] Job: Head of Marketing & Communications at garden3d
[dev:api] Status: Rejected
[dev:api] Reasons:
[dev:api] - Location mismatch
[dev:api] 
[dev:api] Job: Tech Lead Full-Stack Rails Engineer at Mitre Media
[dev:api] Status: Rejected
[dev:api] Reasons:
[dev:api] - Location mismatch
[dev:api] 
[dev:api] Job: Senior DevOps Engineer at Lemon.io
[dev:api] Status: Rejected
[dev:api] Reasons:
[dev:api] - Location mismatch
[dev:api] 
[dev:api] Job: Senior Product Engineer (Fullstack) at Clipster
[dev:api] Status: Rejected
[dev:api] Reasons:
[dev:api] - Location mismatch
[dev:api] 
[dev:api] Job: Assistant Account Payable at The Obesity Society
[dev:api] Status: Rejected
[dev:api] Reasons:
[dev:api] - Location mismatch
[dev:api] 
[dev:api] Job: Remote Office Assistant at Coalition Technologies
[dev:api] Status: Rejected
[dev:api] Reasons:
[dev:api] - Location mismatch
[dev:api] 
[dev:api] Job: Staff Software Engineer, Product (Belo Horizonte) at LawnStarter
[dev:api] Status: Rejected
[dev:api] Reasons:
[dev:api] - Location mismatch
[dev:api] 
[dev:api] Job: Staff Software Engineer, Product (Montevideo) at LawnStarter
[dev:api] Status: Rejected
[dev:api] Reasons:
[dev:api] - Location mismatch
[dev:api] 
[dev:api] Job: Staff Software Engineer, Product (São Paulo) at LawnStarter
[dev:api] Status: Rejected
[dev:api] Reasons:
[dev:api] - Location mismatch
[dev:api] 
[dev:api] Job: Staff Software Engineer, Product (Mexico City) at LawnStarter
[dev:api] Status: Rejected
[dev:api] Reasons:
[dev:api] - Location mismatch
[dev:api] 
[dev:api] Job: Staff Software Engineer, Product (Campinas) at LawnStarter
[dev:api] Status: Rejected
[dev:api] Reasons:
[dev:api] - Location mismatch
[dev:api] 
[dev:api] Job: Staff Software Engineer, Product (Florianópolis) at LawnStarter
[dev:api] Status: Rejected
[dev:api] Reasons:
[dev:api] - Location mismatch
[dev:api] 
[dev:api] Job: Staff Product Engineer (Mexico City) at LawnStarter
[dev:api] Status: Rejected
[dev:api] Reasons:
[dev:api] - Location mismatch
[dev:api] 
[dev:api] Job: Staff Product Engineer (Montevideo) at LawnStarter
[dev:api] Status: Rejected
[dev:api] Reasons:
[dev:api] - Location mismatch
[dev:api] 
[dev:api] Job: Staff Product Engineer (Campinas) at LawnStarter
[dev:api] Status: Rejected
[dev:api] Reasons:
[dev:api] - Location mismatch
[dev:api] 
[dev:api] Job: Staff Product Engineer (Belo Horizonte) at LawnStarter
[dev:api] Status: Rejected
[dev:api] Reasons:
[dev:api] - Location mismatch
[dev:api] 
[dev:api] Job: Staff Product Engineer (Florianópolis) at LawnStarter
[dev:api] Status: Rejected
[dev:api] Reasons:
[dev:api] - Location mismatch
[dev:api] 
[dev:api] Job: Product Sales Specialist - Pet Health at Tribe Wellness
[dev:api] Status: Rejected
[dev:api] Reasons:
[dev:api] - Location mismatch
[dev:api] 
[dev:api] Job: Inside Sales Contractor at Credit Wellness, LLC
[dev:api] Status: Rejected
[dev:api] Reasons:
[dev:api] - Location mismatch
[dev:api] 
[dev:api] Job: High-Ticket Financial Sales Specialist & Team Lead Track at FSE LLC
[dev:api] Status: Rejected
[dev:api] Reasons:
[dev:api] - Location mismatch
[dev:api] 
[dev:api] Job: Online Data Analyst Canada (French Language) (C) at TELUS Digital
[dev:api] Status: Rejected
[dev:api] Reasons:
[dev:api] - Location mismatch
[dev:api] 
[dev:api] Job: Telefonischer Kundenberater B2B Vertrieb (m/w/d) at MY Humancapital GmbH
[dev:api] Status: Rejected
[dev:api] Reasons:
[dev:api] - Location mismatch
[dev:api] 
[dev:api] Job: Telefonischer Kundenberater (m/w/d) at MY Humancapital GmbH
[dev:api] Status: Rejected
[dev:api] Reasons:
[dev:api] - Location mismatch
[dev:api] 
[dev:api] Job: IT Support Specialist 2nd Level (m/w/d) at MY Humancapital GmbH
[dev:api] Status: Rejected
[dev:api] Reasons:
[dev:api] - Location mismatch
[dev:api] 
[dev:api] Job: Personalreferent (m/w/d) at MY Humancapital GmbH
[dev:api] Status: Rejected
[dev:api] Reasons:
[dev:api] - Location mismatch
[dev:api] 
[dev:api] Job: Kundenbetreuer Immobilienverwaltung (m/w/d) at MY Humancapital GmbH
[dev:api] Status: Rejected
[dev:api] Reasons:
[dev:api] - Location mismatch
[dev:api] 
[dev:api] Job: Haustechniker Gebäudetechnik (m/w/d) at MY Humancapital GmbH
[dev:api] Status: Rejected
[dev:api] Reasons:
[dev:api] - Location mismatch
[dev:api] 
[dev:api] Job: Sachbearbeiter Customer Service und Kundenbetreuung (m/w/d) at MY Humancapital GmbH
[dev:api] Status: Rejected
[dev:api] Reasons:
[dev:api] - Location mismatch
[dev:api] 
[dev:api] Job: Vergabemanager (m/w/d) Öffentliche Ausschreibung at MY Humancapital GmbH
[dev:api] Status: Rejected
[dev:api] Reasons:
[dev:api] - Location mismatch
[dev:api] 
[dev:api] Job: Head of Accounting & Controlling (m/w/d) at Novatera GmbH
[dev:api] Status: Rejected
[dev:api] Reasons:
[dev:api] - Location mismatch
[dev:api] 
[dev:api] Job: Grafikdesign Praktikant:in (m/w/d) | Start-Up | Outdoor at Naturbummler GmbH
[dev:api] Status: Rejected
[dev:api] Reasons:
[dev:api] - Location mismatch
[dev:api] 
[dev:api] Job: Head of Product - Platform Growth (f/m/d) at imago stock & people GmbH
[dev:api] Status: Rejected
[dev:api] Reasons:
[dev:api] - Location mismatch
[dev:api] 
[dev:api] Job: Werkstudent/-in (m/w/d) Finanzbuchhaltung (Schwerpunkt Forderungsmanagement) at Immo-Marketer
[dev:api] Status: Rejected
[dev:api] Reasons:
[dev:api] - Location mismatch
[dev:api] 
[dev:api] Job: Senior Consultant (m/w/d) at INDUMERA GmbH
[dev:api] Status: Rejected
[dev:api] Reasons:
[dev:api] - Location mismatch
[dev:api] 
[dev:api] Job: Werkstudent/-in (m/w/d) in der telefonischen Immobilienberatung (20 Stunden / Woche) at Immo-Marketer
[dev:api] Status: Rejected
[dev:api] Reasons:
[dev:api] - Location mismatch
[dev:api] 
[dev:api] Job: Senior Online Marketing Manager (m/w/d) at INDUMERA GmbH
[dev:api] Status: Rejected
[dev:api] Reasons:
[dev:api] - Location mismatch
[dev:api] 
[dev:api] Job: Tax, Compliance & Intercompany Manager (w/m/d) at Black Semiconductor GmbH
[dev:api] Status: Rejected
[dev:api] Reasons:
[dev:api] - Location mismatch
[dev:api] 
[dev:api] Job: Senior General Ledger Accountant & Closing Specialist (DE/NL) (w/m/d) at Black Semiconductor GmbH
[dev:api] Status: Rejected
[dev:api] Reasons:
[dev:api] - Location mismatch
[dev:api] 
[dev:api] Job: Head of Sales | Fund Administration | VC & PE | Private Markets (f/m/d) at bunch
[dev:api] Status: Rejected
[dev:api] Reasons:
[dev:api] - Location mismatch
[dev:api] 
[dev:api] Job: Praktikum/Werkstudium Fotografie (m/w/d) at Störtebekker
[dev:api] Status: Rejected
[dev:api] Reasons:
[dev:api] - Location mismatch
[dev:api] 
[dev:api] Job: Customer Success Manager (m/w/d) at homie
[dev:api] Status: Rejected
[dev:api] Reasons:
[dev:api] - Location mismatch
[dev:api] 
[dev:api] Job: Director, Solution Advisory at WalkMe
[dev:api] Status: Rejected
[dev:api] Reasons:
[dev:api] - Location mismatch
[dev:api] 
[dev:api] Job: Callcenter Agent/Kundenberater (m/w/d) im Homeoffice at netracom GmbH
[dev:api] Status: Rejected
[dev:api] Reasons:
[dev:api] - Location mismatch
[dev:api] 
[dev:api] Job: Team Lead Data Products & Analytics (gn) at Bikeleasing-Service GmbH & Co. KG
[dev:api] Status: Rejected
[dev:api] Reasons:
[dev:api] - Location mismatch
[dev:api] 
[dev:api] Job: Team Lead Data Products & Analytics (gn) at Bikeleasing-Service GmbH & Co. KG
[dev:api] Status: Rejected
[dev:api] Reasons:
[dev:api] - Location mismatch
[dev:api] 
[dev:api] Job: Personalsachbearbeiter (m/w/d) Entgeltabrechnung / Mitarbeiterbetreuung at REIF Bauunternehmung GmbH & Co. KG
[dev:api] Status: Rejected
[dev:api] Reasons:
[dev:api] - Location mismatch
[dev:api] 
[dev:api] Job: SAP SD Berater:in at Pertemps ERP
[dev:api] Status: Rejected
[dev:api] Reasons:
[dev:api] - Location mismatch
[dev:api] 
[dev:api] Job: Marketing & Content Intern at Cloud Studios
[dev:api] Status: Rejected
[dev:api] Reasons:
[dev:api] - Location mismatch
[dev:api] 
[dev:api] Job: (Junior) Projektmanager:in Influencer Marketing (m/w/d) - Social Media Agentur at Team NaIs Agency
[dev:api] Status: Rejected
[dev:api] Reasons:
[dev:api] - Location mismatch
[dev:api] 
[dev:api] Job: Grafikdesigner/ Mediengestalter (m/w/d) E-Commerce at VALUEZON GmbH
[dev:api] Status: Rejected
[dev:api] Reasons:
[dev:api] - Location mismatch
[dev:api] 
[dev:api] Job: Senior Operational Excellence Engineer at hellofresh
[dev:api] Status: Rejected
[dev:api] Reasons:
[dev:api] - Location mismatch
[dev:api] 
[dev:api] Job: Account Executive, AI/HPC (UK) at purestorage
[dev:api] Status: Rejected
[dev:api] Reasons:
[dev:api] - Location mismatch
[dev:api] 
[dev:api] Job: Infrastructure engineer (UK) at Writer
[dev:api] Status: Rejected
[dev:api] Reasons:
[dev:api] - Location mismatch
[dev:api] 
[dev:api] Job: Enterprise account executive (UK) at Writer
[dev:api] Status: Rejected
[dev:api] Reasons:
[dev:api] - Location mismatch
[dev:api] 
[dev:api] Job: VP, customer success (EMEA) at Writer
[dev:api] Status: Rejected
[dev:api] Reasons:
[dev:api] - Location mismatch
[dev:api] 
[dev:api] Job: GTM Engineer at Ben
[dev:api] Status: Rejected
[dev:api] Reasons:
[dev:api] - Location mismatch
[dev:api] 
[dev:api] Job: Enterprise Account Executive at Ben
[dev:api] Status: Rejected
[dev:api] Reasons:
[dev:api] - Location mismatch
[dev:api] 
[dev:api] Job: (Senior) Account Executive (m/w/d) – eHealth / SaaS at samedi GmbH
[dev:api] Status: Rejected
[dev:api] Reasons:
[dev:api] - Location mismatch
[dev:api] 
[dev:api] Job: Senior Project Manager (f/m/d) at Awin
[dev:api] Status: Rejected
[dev:api] Reasons:
[dev:api] - Location mismatch
[dev:api] 
[dev:api] Job: Managing Principal Consultant – Life & Pensions at capco
[dev:api] Status: Rejected
[dev:api] Reasons:
[dev:api] - Location mismatch
[dev:api] 
[dev:api] Job: Managing Principal Consultant – General Insurance at capco
[dev:api] Status: Rejected
[dev:api] Reasons:
[dev:api] - Location mismatch
[dev:api] 
[dev:api] Job: Product Marketing Manager at Ankar
[dev:api] Status: Rejected
[dev:api] Reasons:
[dev:api] - Location mismatch
[dev:api] 
[dev:api] Job: Online Data Analyst - English speaker in UK at TELUS Digital
[dev:api] Status: Rejected
[dev:api] Reasons:
[dev:api] - Location mismatch
[dev:api] 
[dev:api] Job: Influencer Marketing Manager at Pulse Advertising GmbH
[dev:api] Status: Rejected
[dev:api] Reasons:
[dev:api] - Location mismatch
[dev:api] 
[dev:api] Job: Staff CX Software Engineer at Digitalassetcorp
[dev:api] Status: Rejected
[dev:api] Reasons:
[dev:api] - Location mismatch
[dev:api] 
[dev:api] Job: Senior Technical Support Engineer at Digitalassetcorp
[dev:api] Status: Rejected
[dev:api] Reasons:
[dev:api] - Location mismatch
[dev:api] 
[dev:api] Job: Senior CX Software Engineer at Digitalassetcorp
[dev:api] Status: Rejected
[dev:api] Reasons:
[dev:api] - Location mismatch
[dev:api] 
[dev:api] Job: Sr. Counsel - Regulatory at Kraken
[dev:api] Status: Rejected
[dev:api] Reasons:
[dev:api] - Location mismatch
[dev:api] 
[dev:api] Job: Marketplace Advertising Senior Associate at Luzern eCommerce Group
[dev:api] Status: Rejected
[dev:api] Reasons:
[dev:api] - Location mismatch
[dev:api] 
[dev:api] Job: Consumable Sales-Shandong at Agilent Technologies
[dev:api] Status: Rejected
[dev:api] Reasons:
[dev:api] - Location mismatch
[dev:api] 
[dev:api] Job: Solutions Consultant - Mid Market, APAC at PriceLabs
[dev:api] Status: Rejected
[dev:api] Reasons:
[dev:api] - Location mismatch
[dev:api] 
[dev:api] Job: Marketing Manager at Canonical Ltd.
[dev:api] Status: Rejected
[dev:api] Reasons:
[dev:api] - Location mismatch
[dev:api] 
[dev:api] Job: Account Executive - Canada - Enterprise at Elevenlabs
[dev:api] Status: Rejected
[dev:api] Reasons:
[dev:api] - Location mismatch
[dev:api] 
[dev:api] Job: Account Executive - Canada - Corporate at Elevenlabs
[dev:api] Status: Rejected
[dev:api] Reasons:
[dev:api] - Location mismatch
[dev:api] 
[dev:api] Job: Territory Sales Representative - Connacht at Genuit Group
[dev:api] Status: Rejected
[dev:api] Reasons:
[dev:api] - Location mismatch
[dev:api] 
[dev:api] Job: Customer Acquisition Specialist, Fixed Term Contract at Monzo
[dev:api] Status: Rejected
[dev:api] Reasons:
[dev:api] - Location mismatch
[dev:api] 
[dev:api] Job: Paid Media Strategist - PPC & SEO Client Success at Gannett
[dev:api] Status: Rejected
[dev:api] Reasons:
[dev:api] - Location mismatch
[dev:api] 
[dev:api] Job: Manager, SEO AEO at Veeam Software
[dev:api] Status: Rejected
[dev:api] Reasons:
[dev:api] - Location mismatch
[dev:api] 
[dev:api] Job: Senior Solutions Architect I, Pre-Sales - South Korea Defense & Intelligence at Planet Labs Inc.
[dev:api] Status: Rejected
[dev:api] Reasons:
[dev:api] - Location mismatch
[dev:api] 
[dev:api] Job: Enterprise Sales Director at Fivetran
[dev:api] Status: Rejected
[dev:api] Reasons:
[dev:api] - Location mismatch
[dev:api] 
[dev:api] Job: Senior Enterprise Renewal Representative- Enterprise Accounts- Italian Speaker at Autodesk
[dev:api] Status: Rejected
[dev:api] Reasons:
[dev:api] - Location mismatch
[dev:api] 
[dev:api] Job: Global Alliance Lead at Fivetran
[dev:api] Status: Rejected
[dev:api] Reasons:
[dev:api] - Location mismatch
[dev:api] 
[dev:api] Job: Senior Account Executive, Enterprise at Fivetran
[dev:api] Status: Rejected
[dev:api] Reasons:
[dev:api] - Location mismatch
[dev:api] 
[dev:api] Job: Renewals Representative, Account Based, Denmark at Autodesk
[dev:api] Status: Rejected
[dev:api] Reasons:
[dev:api] - Location mismatch
[dev:api] 
[dev:api] Job: Partner Sales Specialist at Fortive
[dev:api] Status: Rejected
[dev:api] Reasons:
[dev:api] - Location mismatch
[dev:api] 
[dev:api] Job: Alliances & Channels Leader at Canonical Ltd.
[dev:api] Status: Rejected
[dev:api] Reasons:
[dev:api] - Location mismatch
[dev:api] 
[dev:api] Job: Regional Sales Manager (MSP) at Cribl
[dev:api] Status: Rejected
[dev:api] Reasons:
[dev:api] - Location mismatch
[dev:api] 
[dev:api] Job: Presales Systems Engineer - Southern Germany at Fortinet
[dev:api] Status: Rejected
[dev:api] Reasons:
[dev:api] - Location mismatch
[dev:api] 
[dev:api] Job: Senior Manager, Key Accounts Sales at Affirm
[dev:api] Status: Rejected
[dev:api] Reasons:
[dev:api] - Location mismatch
[dev:api] 
[dev:api] Job: Sales Development Representative US (B2B) at TripleTen
[dev:api] Status: Rejected
[dev:api] Reasons:
[dev:api] - Location mismatch
[dev:api] 
[dev:api] Job: Salesforce Sales Manager (m/f/d) at Nagarro
[dev:api] Status: Rejected
[dev:api] Reasons:
[dev:api] - Location mismatch
[dev:api] 
[dev:api] Job: Senior Sales Operations Analyst - Shockwave Medical at Johnson &#038; Johnson
[dev:api] Status: Rejected
[dev:api] Reasons:
[dev:api] - Location mismatch
[dev:api] 
[dev:api] Job: VP, Multinational/Traditional Corp Sales at BCD Travel
[dev:api] Status: Rejected
[dev:api] Reasons:
[dev:api] - Location mismatch
[dev:api] 
[dev:api] Job: Enterprise Sales Engineer - Toronto at Samsara
[dev:api] Status: Rejected
[dev:api] Reasons:
[dev:api] - Location mismatch
[dev:api] 
[dev:api] Job: Senior Sales Engineer, Enterprise - German Speaking at Fivetran
[dev:api] Status: Rejected
[dev:api] Reasons:
[dev:api] - Location mismatch
[dev:api] 
[dev:api] Job: Sales Manager Calabria e Sicilia at QuidelOrtho
[dev:api] Status: Rejected
[dev:api] Reasons:
[dev:api] - Location mismatch
[dev:api] 
[dev:api] Job: Partner Account Executive (M/F) at Akamai Technologies
[dev:api] Status: Rejected
[dev:api] Reasons:
[dev:api] - Location mismatch
[dev:api] 
[dev:api] Job: Promo Features Marketing & Commercialisation Lead at Playson
[dev:api] Status: Rejected
[dev:api] Reasons:
[dev:api] - Location mismatch
[dev:api] 
[dev:api] Job: Sales Specialist General Imaging Ultrasound(GI) at GE HealthCare
[dev:api] Status: Rejected
[dev:api] Reasons:
[dev:api] - Location mismatch
[dev:api] 
[dev:api] Job: Senior Manager, Deal Desk at Eightfold
[dev:api] Status: Rejected
[dev:api] Reasons:
[dev:api] - Location mismatch
[dev:api] 
[dev:api] Job: Sales Development Representative at SMB Team
[dev:api] Status: Rejected
[dev:api] Reasons:
[dev:api] - Location mismatch
[dev:api] 
[dev:api] Job: Client Manager - Insights at NielsenIQ
[dev:api] Status: Rejected
[dev:api] Reasons:
[dev:api] - Location mismatch
[dev:api] 
[dev:api] Job: Insurance Sales Representative at Legendary Allen Agency
[dev:api] Status: Rejected
[dev:api] Reasons:
[dev:api] - Location mismatch
[dev:api] 
[dev:api] Job: Customer Development Manager, CVS at Colgate-Palmolive
[dev:api] Status: Rejected
[dev:api] Reasons:
[dev:api] - Location mismatch
[dev:api] 
[dev:api] Job: Regional Sales Manager - Heart Failure (North UK) at Abbott
[dev:api] Status: Rejected
[dev:api] Reasons:
[dev:api] - Location mismatch
[dev:api] 
[dev:api] Job: GTM Strategy & Operations Manager - EU / UK at Marqeta
[dev:api] Status: Rejected
[dev:api] Reasons:
[dev:api] - Location mismatch
[dev:api] 
[dev:api] Job: Enterprise Account Executive - Netherlands at Elevenlabs
[dev:api] Status: Rejected
[dev:api] Reasons:
[dev:api] - Location mismatch
[dev:api] 
[dev:api] Job: Enterprise Account Executive EU (B2B) at TripleTen
[dev:api] Status: Rejected
[dev:api] Reasons:
[dev:api] - Location mismatch
[dev:api] 
[dev:api] Job: Senior Enterprise Account Executive US (B2B) at TripleTen
[dev:api] Status: Rejected
[dev:api] Reasons:
[dev:api] - Location mismatch
[dev:api] 
[dev:api] Job: Business Development Manager – West Coast (CA/AZ/WA) at Fresh Clinics
[dev:api] Status: Rejected
[dev:api] Reasons:
[dev:api] - Location mismatch
[dev:api] 
[dev:api] Job: Health Systems Business Development Manager (Baltimore, MD) at Lyra Health
[dev:api] Status: Rejected
[dev:api] Reasons:
[dev:api] - Location mismatch
[dev:api] 
[dev:api] Job: Manager, Business Development at Braze
[dev:api] Status: Rejected
[dev:api] Reasons:
[dev:api] - Location mismatch
[dev:api] 
[dev:api] Job: Principal AI Go-to-Market Operations Engineer at QAD, Inc.
[dev:api] Status: Rejected
[dev:api] Reasons:
[dev:api] - Location mismatch
[dev:api] 
[dev:api] Job: Account Director - Agencies at NielsenIQ
[dev:api] Status: Rejected
[dev:api] Reasons:
[dev:api] - Location mismatch
[dev:api] 
[dev:api] Job: Entry Level Sales Manager (Boston, MA) at SIGVARIS GROUP USA
[dev:api] Status: Rejected
[dev:api] Reasons:
[dev:api] - Location mismatch
[dev:api] 
[dev:api] Job: Salesforce Marketing Cloud Platform Manager (Pharmaceutical Sector) at Omega CRM
[dev:api] Status: Rejected
[dev:api] Reasons:
[dev:api] - Location mismatch
[dev:api] 
[dev:api] Job: Senior Consultant, Professional Services at EDB
[dev:api] Status: Rejected
[dev:api] Reasons:
[dev:api] - Location mismatch
[dev:api] 
[dev:api] Job: Senior Email Marketing Manager at Ruby Labs
[dev:api] Status: Rejected
[dev:api] Reasons:
[dev:api] - Location mismatch
[dev:api] 
[dev:api] Job: Performance Marketing Lead (Native Ads) at CapsLock
[dev:api] Status: Rejected
[dev:api] Reasons:
[dev:api] - Location mismatch
[dev:api] 
[dev:api] Job: Business Development Representative, New York at notion
[dev:api] Status: Rejected
[dev:api] Reasons:
[dev:api] - Location mismatch
[dev:api] 
[dev:api] Job: Product Designer at notion
[dev:api] Status: Rejected
[dev:api] Reasons:
[dev:api] - Location mismatch
[dev:api] 
[dev:api] Job: Forward Deployed Engineer, GTM, AMER at notion
[dev:api] Status: Rejected
[dev:api] Reasons:
[dev:api] - Location mismatch
[dev:api] 
[dev:api] Job: Enterprise Sales Leader at notion
[dev:api] Status: Rejected
[dev:api] Reasons:
[dev:api] - Location mismatch
[dev:api] 
[dev:api] Job: Security Engineer, Detection and Response, Dublin at notion
[dev:api] Status: Rejected
[dev:api] Reasons:
[dev:api] - Location mismatch
[dev:api] 
[dev:api] Job: Forward Deployed Engineer, GTM, Japan at notion
[dev:api] Status: Rejected
[dev:api] Reasons:
[dev:api] - Location mismatch
[dev:api] 
[dev:api] Job: Partner Strategy & Operations Lead at notion
[dev:api] Status: Rejected
[dev:api] Reasons:
[dev:api] - Location mismatch
[dev:api] 
[dev:api] Job: Forward Deployed Engineer, GTM, France at notion
[dev:api] Status: Rejected
[dev:api] Reasons:
[dev:api] - Location mismatch
[dev:api] 
[dev:api] Job: Demand & Campaigns Lead, EMEA at notion
[dev:api] Status: Rejected
[dev:api] Reasons:
[dev:api] - Location mismatch
[dev:api] 
[dev:api] Job: Business Development Manager, Product & Platform at notion
[dev:api] Status: Rejected
[dev:api] Reasons:
[dev:api] - Location mismatch
[dev:api] 
[dev:api] Job: Software Engineer, Trust at notion
[dev:api] Status: Rejected
[dev:api] Reasons:
[dev:api] - Location mismatch
[dev:api] 
[dev:api] Job: Global Strategic Partner Manager at notion
[dev:api] Status: Rejected
[dev:api] Reasons:
[dev:api] - Location mismatch
[dev:api] 
[dev:api] Job: Developer Advocate at notion
[dev:api] Status: Rejected
[dev:api] Reasons:
[dev:api] - Location mismatch
[dev:api] 
[dev:api] Job: Startup Program & Experience Lead at notion
[dev:api] Status: Rejected
[dev:api] Reasons:
[dev:api] - Location mismatch
[dev:api] 
[dev:api] Job: Regional Partner Manager, DACH at notion
[dev:api] Status: Rejected
[dev:api] Reasons:
[dev:api] - Location mismatch
[dev:api] 
[dev:api] Job: Regional Partner Manager, France at notion
[dev:api] Status: Rejected
[dev:api] Reasons:
[dev:api] - Location mismatch
[dev:api] 
[dev:api] Job: Software Engineer, Web Infrastructure at notion
[dev:api] Status: Rejected
[dev:api] Reasons:
[dev:api] - Location mismatch
[dev:api] 
[dev:api] Job: Security Engineer, Detection and Response, San Francisco at notion
[dev:api] Status: Rejected
[dev:api] Reasons:
[dev:api] - Location mismatch
[dev:api] 
[dev:api] Job: Software Engineer, AI Security at notion
[dev:api] Status: Rejected
[dev:api] Reasons:
[dev:api] - Location mismatch
[dev:api] 
[dev:api] Job: APAC Campaigns & Content Lead at notion
[dev:api] Status: Rejected
[dev:api] Reasons:
[dev:api] - Location mismatch
[dev:api] 
[dev:api] Job: Engineering Manager, Search & Context Platform at notion
[dev:api] Status: Rejected
[dev:api] Reasons:
[dev:api] - Location mismatch
[dev:api] 
[dev:api] Job: CX Knowledge Architect at notion
[dev:api] Status: Rejected
[dev:api] Reasons:
[dev:api] - Location mismatch
[dev:api] 
[dev:api] Job: Technical Enablement Manager, Customer Experience at notion
[dev:api] Status: Rejected
[dev:api] Reasons:
[dev:api] - Location mismatch
[dev:api] 
[dev:api] Job: Customer Experience Strategy & Operations Lead at notion
[dev:api] Status: Rejected
[dev:api] Reasons:
[dev:api] - Location mismatch
[dev:api] 
[dev:api] Job: Country Manager, Taiwan at notion
[dev:api] Status: Rejected
[dev:api] Reasons:
[dev:api] - Location mismatch
[dev:api] 
[dev:api] Job: Country Manager, Italy at notion
[dev:api] Status: Rejected
[dev:api] Reasons:
[dev:api] - Location mismatch
[dev:api] 
[dev:api] Job: Country Manager, Spain at notion
[dev:api] Status: Rejected
[dev:api] Reasons:
[dev:api] - Location mismatch
[dev:api] 
[dev:api] Job: Head of Demand Engine at notion
[dev:api] Status: Rejected
[dev:api] Reasons:
[dev:api] - Location mismatch
[dev:api] 
[dev:api] Job: Product Marketing Manager, Core Product at notion
[dev:api] Status: Rejected
[dev:api] Reasons:
[dev:api] - Location mismatch
[dev:api] 
[dev:api] Job: Startup Market Lead, AMER at notion
[dev:api] Status: Rejected
[dev:api] Reasons:
[dev:api] - Location mismatch
[dev:api] 
[dev:api] Job: Partner Marketing Manager at notion
[dev:api] Status: Rejected
[dev:api] Reasons:
[dev:api] - Location mismatch
[dev:api] 
[dev:api] Job: Strategic Sourcing Manager at notion
[dev:api] Status: Rejected
[dev:api] Reasons:
[dev:api] - Location mismatch
[dev:api] 
[dev:api] Job: Regional Partner Manager, UK at notion
[dev:api] Status: Rejected
[dev:api] Reasons:
[dev:api] - Location mismatch
[dev:api] 
[dev:api] Job: SMB Marketing Manager at notion
[dev:api] Status: Rejected
[dev:api] Reasons:
[dev:api] - Location mismatch
[dev:api] 
[dev:api] Job: Notino Experience Program Manager - EMEA & APAC, Early Career at notion
[dev:api] Status: Rejected
[dev:api] Reasons:
[dev:api] - Location mismatch
[dev:api] 
[dev:api] Job: Head of Enterprise Solutions Consultants, Japan at notion
[dev:api] Status: Rejected
[dev:api] Reasons:
[dev:api] - Location mismatch
[dev:api] 
[dev:api] Job: Business Development Manager, DACH at notion
[dev:api] Status: Rejected
[dev:api] Reasons:
[dev:api] - Location mismatch
[dev:api] 
[dev:api] Job: Forward Deployed Engineer at notion
[dev:api] Status: Rejected
[dev:api] Reasons:
[dev:api] - Location mismatch
[dev:api] 
[dev:api] Job: Digital Marketer at WayFind Trips
[dev:api] Status: Accepted
[dev:api] Role: 60, Skills: 0, Location: 100, Experience: 75
[dev:api] Final Score: 52
[dev:api] 
[dev:api] Job: Assistant Digital Marketing Manager at Saffronart
[dev:api] Status: Accepted
[dev:api] Role: 100, Skills: 0, Location: 100, Experience: 75
[dev:api] Final Score: 68
[dev:api] 
[dev:api] Job: Digital Marketing Associate in Mumbai at Rezolut Infotech
[dev:api] Status: Accepted
[dev:api] Role: 100, Skills: 0, Location: 100, Experience: 75
[dev:api] Final Score: 68
[dev:api] 
[dev:api] Job: Digital Marketer at AdEngage
[dev:api] Status: Accepted
[dev:api] Role: 60, Skills: 0, Location: 100, Experience: 75
[dev:api] Final Score: 52
[dev:api] 
[dev:api] Job: Digital Marketing Analyst at Adani Realty
[dev:api] Status: Accepted
[dev:api] Role: 100, Skills: 0, Location: 100, Experience: 75
[dev:api] Final Score: 68
[dev:api] 
[dev:api] Job: Opening for Digital Marketing Executive at ROKADE Group of Companies
[dev:api] Status: Accepted
[dev:api] Role: 100, Skills: 0, Location: 100, Experience: 75
[dev:api] Final Score: 68
[dev:api] 
[dev:api] Job: Digital Marketing Specialist in Mumbai at Wynbee Smart Home
[dev:api] Status: Accepted
[dev:api] Role: 100, Skills: 0, Location: 100, Experience: 75
[dev:api] Final Score: 68
[dev:api] 
[dev:api] Job: Digital Marketing at B2I Platforms
[dev:api] Status: Accepted
[dev:api] Role: 100, Skills: 0, Location: 100, Experience: 75
[dev:api] Final Score: 68
[dev:api] 
[dev:api] Job: Marketing Associate - Digital at LogiNext
[dev:api] Status: Accepted
[dev:api] Role: 60, Skills: 0, Location: 100, Experience: 75
[dev:api] Final Score: 52
[dev:api] 
[dev:api] Job: Digital Marketing Executive at Propellum Infotech
[dev:api] Status: Accepted
[dev:api] Role: 100, Skills: 0, Location: 100, Experience: 75
[dev:api] Final Score: 68
[dev:api] 
[dev:api] Job: Sales Jedi at Creative Force
[dev:api] Status: Rejected
[dev:api] Reasons:
[dev:api] - Location mismatch
[dev:api] 
[dev:api] Job: SaaS Product Support Jedi at Creative Force
[dev:api] Status: Rejected
[dev:api] Reasons:
[dev:api] - Location mismatch
[dev:api] 
[dev:api] Job: Freelance Writer at IAPWE
[dev:api] Status: Rejected
[dev:api] Reasons:
[dev:api] - Location mismatch
[dev:api] 
[dev:api] Job: Freelance Copywriter at Coalition Technologies
[dev:api] Status: Rejected
[dev:api] Reasons:
[dev:api] - Location mismatch
[dev:api] 
[dev:api] Job: Senior Graphic Designer at Lemon.io
[dev:api] Status: Rejected
[dev:api] Reasons:
[dev:api] - Location mismatch
[dev:api] 
[dev:api] Job: Data Labeling Specialists at Workada
[dev:api] Status: Rejected
[dev:api] Reasons:
[dev:api] - Location mismatch
[dev:api] 
[dev:api] Job: Business Development Representative at Outsite
[dev:api] Status: Rejected
[dev:api] Reasons:
[dev:api] - Location mismatch
[dev:api] 
[dev:api] Job: Content Reviewer - United States at TELUS Digital
[dev:api] Status: Rejected
[dev:api] Reasons:
[dev:api] - Location mismatch
[dev:api] 
[dev:api] Job: Product Sales Specialist - Pet Health (CST timezone) at Tribe Wellness
[dev:api] Status: Rejected
[dev:api] Reasons:
[dev:api] - Location mismatch
[dev:api] 
[dev:api] Job: Patient Care Specialist at STATLINX
[dev:api] Status: Rejected
[dev:api] Reasons:
[dev:api] - Location mismatch
[dev:api] 
[dev:api] Job: Senior Independent Software Developer at A.Team
[dev:api] Status: Rejected
[dev:api] Reasons:
[dev:api] - Location mismatch
[dev:api] 
[dev:api] Job: Senior Independent AI Engineer / Architect at A.Team
[dev:api] Status: Rejected
[dev:api] Reasons:
[dev:api] - Location mismatch
[dev:api] 
[dev:api] Job: Head of Marketing & Communications at garden3d
[dev:api] Status: Rejected
[dev:api] Reasons:
[dev:api] - Location mismatch
[dev:api] 
[dev:api] Job: Tech Lead Full-Stack Rails Engineer at Mitre Media
[dev:api] Status: Rejected
[dev:api] Reasons:
[dev:api] - Location mismatch
[dev:api] 
[dev:api] Job: Senior DevOps Engineer at Lemon.io
[dev:api] Status: Rejected
[dev:api] Reasons:
[dev:api] - Location mismatch
[dev:api] 
[dev:api] Job: Senior Product Engineer (Fullstack) at Clipster
[dev:api] Status: Rejected
[dev:api] Reasons:
[dev:api] - Location mismatch
[dev:api] 
[dev:api] Job: Assistant Account Payable at The Obesity Society
[dev:api] Status: Rejected
[dev:api] Reasons:
[dev:api] - Location mismatch
[dev:api] 
[dev:api] Job: Remote Office Assistant at Coalition Technologies
[dev:api] Status: Rejected
[dev:api] Reasons:
[dev:api] - Location mismatch
[dev:api] 
[dev:api] Job: Staff Software Engineer, Product (Belo Horizonte) at LawnStarter
[dev:api] Status: Rejected
[dev:api] Reasons:
[dev:api] - Location mismatch
[dev:api] 
[dev:api] Job: Staff Software Engineer, Product (Montevideo) at LawnStarter
[dev:api] Status: Rejected
[dev:api] Reasons:
[dev:api] - Location mismatch
[dev:api] 
[dev:api] Job: Staff Software Engineer, Product (São Paulo) at LawnStarter
[dev:api] Status: Rejected
[dev:api] Reasons:
[dev:api] - Location mismatch
[dev:api] 
[dev:api] Job: Staff Software Engineer, Product (Mexico City) at LawnStarter
[dev:api] Status: Rejected
[dev:api] Reasons:
[dev:api] - Location mismatch
[dev:api] 
[dev:api] Job: Staff Software Engineer, Product (Campinas) at LawnStarter
[dev:api] Status: Rejected
[dev:api] Reasons:
[dev:api] - Location mismatch
[dev:api] 
[dev:api] Job: Staff Software Engineer, Product (Florianópolis) at LawnStarter
[dev:api] Status: Rejected
[dev:api] Reasons:
[dev:api] - Location mismatch
[dev:api] 
[dev:api] Job: Staff Product Engineer (Mexico City) at LawnStarter
[dev:api] Status: Rejected
[dev:api] Reasons:
[dev:api] - Location mismatch
[dev:api] 
[dev:api] Job: Staff Product Engineer (Montevideo) at LawnStarter
[dev:api] Status: Rejected
[dev:api] Reasons:
[dev:api] - Location mismatch
[dev:api] 
[dev:api] Job: Staff Product Engineer (Campinas) at LawnStarter
[dev:api] Status: Rejected
[dev:api] Reasons:
[dev:api] - Location mismatch
[dev:api] 
[dev:api] Job: Staff Product Engineer (Belo Horizonte) at LawnStarter
[dev:api] Status: Rejected
[dev:api] Reasons:
[dev:api] - Location mismatch
[dev:api] 
[dev:api] Job: Staff Product Engineer (Florianópolis) at LawnStarter
[dev:api] Status: Rejected
[dev:api] Reasons:
[dev:api] - Location mismatch
[dev:api] 
[dev:api] Job: Product Sales Specialist - Pet Health at Tribe Wellness
[dev:api] Status: Rejected
[dev:api] Reasons:
[dev:api] - Location mismatch
[dev:api] 
[dev:api] Job: Inside Sales Contractor at Credit Wellness, LLC
[dev:api] Status: Rejected
[dev:api] Reasons:
[dev:api] - Location mismatch
[dev:api] 
[dev:api] Job: High-Ticket Financial Sales Specialist & Team Lead Track at FSE LLC
[dev:api] Status: Rejected
[dev:api] Reasons:
[dev:api] - Location mismatch
[dev:api] 
[dev:api] Job: Online Data Analyst Canada (French Language) (C) at TELUS Digital
[dev:api] Status: Rejected
[dev:api] Reasons:
[dev:api] - Location mismatch
[dev:api] 
[dev:api] Job: Telefonischer Kundenberater B2B Vertrieb (m/w/d) at MY Humancapital GmbH
[dev:api] Status: Rejected
[dev:api] Reasons:
[dev:api] - Location mismatch
[dev:api] 
[dev:api] Job: Telefonischer Kundenberater (m/w/d) at MY Humancapital GmbH
[dev:api] Status: Rejected
[dev:api] Reasons:
[dev:api] - Location mismatch
[dev:api] 
[dev:api] Job: IT Support Specialist 2nd Level (m/w/d) at MY Humancapital GmbH
[dev:api] Status: Rejected
[dev:api] Reasons:
[dev:api] - Location mismatch
[dev:api] 
[dev:api] Job: Personalreferent (m/w/d) at MY Humancapital GmbH
[dev:api] Status: Rejected
[dev:api] Reasons:
[dev:api] - Location mismatch
[dev:api] 
[dev:api] Job: Kundenbetreuer Immobilienverwaltung (m/w/d) at MY Humancapital GmbH
[dev:api] Status: Rejected
[dev:api] Reasons:
[dev:api] - Location mismatch
[dev:api] 
[dev:api] Job: Haustechniker Gebäudetechnik (m/w/d) at MY Humancapital GmbH
[dev:api] Status: Rejected
[dev:api] Reasons:
[dev:api] - Location mismatch
[dev:api] 
[dev:api] Job: Sachbearbeiter Customer Service und Kundenbetreuung (m/w/d) at MY Humancapital GmbH
[dev:api] Status: Rejected
[dev:api] Reasons:
[dev:api] - Location mismatch
[dev:api] 
[dev:api] Job: Vergabemanager (m/w/d) Öffentliche Ausschreibung at MY Humancapital GmbH
[dev:api] Status: Rejected
[dev:api] Reasons:
[dev:api] - Location mismatch
[dev:api] 
[dev:api] Job: Head of Accounting & Controlling (m/w/d) at Novatera GmbH
[dev:api] Status: Rejected
[dev:api] Reasons:
[dev:api] - Location mismatch
[dev:api] 
[dev:api] Job: Grafikdesign Praktikant:in (m/w/d) | Start-Up | Outdoor at Naturbummler GmbH
[dev:api] Status: Rejected
[dev:api] Reasons:
[dev:api] - Location mismatch
[dev:api] 
[dev:api] Job: Head of Product - Platform Growth (f/m/d) at imago stock & people GmbH
[dev:api] Status: Rejected
[dev:api] Reasons:
[dev:api] - Location mismatch
[dev:api] 
[dev:api] Job: Werkstudent/-in (m/w/d) Finanzbuchhaltung (Schwerpunkt Forderungsmanagement) at Immo-Marketer
[dev:api] Status: Rejected
[dev:api] Reasons:
[dev:api] - Location mismatch
[dev:api] 
[dev:api] Job: Senior Consultant (m/w/d) at INDUMERA GmbH
[dev:api] Status: Rejected
[dev:api] Reasons:
[dev:api] - Location mismatch
[dev:api] 
[dev:api] Job: Werkstudent/-in (m/w/d) in der telefonischen Immobilienberatung (20 Stunden / Woche) at Immo-Marketer
[dev:api] Status: Rejected
[dev:api] Reasons:
[dev:api] - Location mismatch
[dev:api] 
[dev:api] Job: Senior Online Marketing Manager (m/w/d) at INDUMERA GmbH
[dev:api] Status: Rejected
[dev:api] Reasons:
[dev:api] - Location mismatch
[dev:api] 
[dev:api] Job: Tax, Compliance & Intercompany Manager (w/m/d) at Black Semiconductor GmbH
[dev:api] Status: Rejected
[dev:api] Reasons:
[dev:api] - Location mismatch
[dev:api] 
[dev:api] Job: Senior General Ledger Accountant & Closing Specialist (DE/NL) (w/m/d) at Black Semiconductor GmbH
[dev:api] Status: Rejected
[dev:api] Reasons:
[dev:api] - Location mismatch
[dev:api] 
[dev:api] Job: Head of Sales | Fund Administration | VC & PE | Private Markets (f/m/d) at bunch
[dev:api] Status: Rejected
[dev:api] Reasons:
[dev:api] - Location mismatch
[dev:api] 
[dev:api] Job: Praktikum/Werkstudium Fotografie (m/w/d) at Störtebekker
[dev:api] Status: Rejected
[dev:api] Reasons:
[dev:api] - Location mismatch
[dev:api] 
[dev:api] Job: Customer Success Manager (m/w/d) at homie
[dev:api] Status: Rejected
[dev:api] Reasons:
[dev:api] - Location mismatch
[dev:api] 
[dev:api] Job: Director, Solution Advisory at WalkMe
[dev:api] Status: Rejected
[dev:api] Reasons:
[dev:api] - Location mismatch
[dev:api] 
[dev:api] Job: Callcenter Agent/Kundenberater (m/w/d) im Homeoffice at netracom GmbH
[dev:api] Status: Rejected
[dev:api] Reasons:
[dev:api] - Location mismatch
[dev:api] 
[dev:api] Job: Team Lead Data Products & Analytics (gn) at Bikeleasing-Service GmbH & Co. KG
[dev:api] Status: Rejected
[dev:api] Reasons:
[dev:api] - Location mismatch
[dev:api] 
[dev:api] Job: Team Lead Data Products & Analytics (gn) at Bikeleasing-Service GmbH & Co. KG
[dev:api] Status: Rejected
[dev:api] Reasons:
[dev:api] - Location mismatch
[dev:api] 
[dev:api] Job: Personalsachbearbeiter (m/w/d) Entgeltabrechnung / Mitarbeiterbetreuung at REIF Bauunternehmung GmbH & Co. KG
[dev:api] Status: Rejected
[dev:api] Reasons:
[dev:api] - Location mismatch
[dev:api] 
[dev:api] Job: SAP SD Berater:in at Pertemps ERP
[dev:api] Status: Rejected
[dev:api] Reasons:
[dev:api] - Location mismatch
[dev:api] 
[dev:api] Job: Marketing & Content Intern at Cloud Studios
[dev:api] Status: Rejected
[dev:api] Reasons:
[dev:api] - Location mismatch
[dev:api] 
[dev:api] Job: (Junior) Projektmanager:in Influencer Marketing (m/w/d) - Social Media Agentur at Team NaIs Agency
[dev:api] Status: Rejected
[dev:api] Reasons:
[dev:api] - Location mismatch
[dev:api] 
[dev:api] Job: Grafikdesigner/ Mediengestalter (m/w/d) E-Commerce at VALUEZON GmbH
[dev:api] Status: Rejected
[dev:api] Reasons:
[dev:api] - Location mismatch
[dev:api] 
[dev:api] Job: Senior Operational Excellence Engineer at hellofresh
[dev:api] Status: Rejected
[dev:api] Reasons:
[dev:api] - Location mismatch
[dev:api] 
[dev:api] Job: Account Executive, AI/HPC (UK) at purestorage
[dev:api] Status: Rejected
[dev:api] Reasons:
[dev:api] - Location mismatch
[dev:api] 
[dev:api] Job: Infrastructure engineer (UK) at Writer
[dev:api] Status: Rejected
[dev:api] Reasons:
[dev:api] - Location mismatch
[dev:api] 
[dev:api] Job: Enterprise account executive (UK) at Writer
[dev:api] Status: Rejected
[dev:api] Reasons:
[dev:api] - Location mismatch
[dev:api] 
[dev:api] Job: VP, customer success (EMEA) at Writer
[dev:api] Status: Rejected
[dev:api] Reasons:
[dev:api] - Location mismatch
[dev:api] 
[dev:api] Job: GTM Engineer at Ben
[dev:api] Status: Rejected
[dev:api] Reasons:
[dev:api] - Location mismatch
[dev:api] 
[dev:api] Job: Enterprise Account Executive at Ben
[dev:api] Status: Rejected
[dev:api] Reasons:
[dev:api] - Location mismatch
[dev:api] 
[dev:api] Job: (Senior) Account Executive (m/w/d) – eHealth / SaaS at samedi GmbH
[dev:api] Status: Rejected
[dev:api] Reasons:
[dev:api] - Location mismatch
[dev:api] 
[dev:api] Job: Senior Project Manager (f/m/d) at Awin
[dev:api] Status: Rejected
[dev:api] Reasons:
[dev:api] - Location mismatch
[dev:api] 
[dev:api] Job: Managing Principal Consultant – Life & Pensions at capco
[dev:api] Status: Rejected
[dev:api] Reasons:
[dev:api] - Location mismatch
[dev:api] 
[dev:api] Job: Managing Principal Consultant – General Insurance at capco
[dev:api] Status: Rejected
[dev:api] Reasons:
[dev:api] - Location mismatch
[dev:api] 
[dev:api] Job: Product Marketing Manager at Ankar
[dev:api] Status: Rejected
[dev:api] Reasons:
[dev:api] - Location mismatch
[dev:api] 
[dev:api] Job: Online Data Analyst - English speaker in UK at TELUS Digital
[dev:api] Status: Rejected
[dev:api] Reasons:
[dev:api] - Location mismatch
[dev:api] 
[dev:api] Job: Influencer Marketing Manager at Pulse Advertising GmbH
[dev:api] Status: Rejected
[dev:api] Reasons:
[dev:api] - Location mismatch
[dev:api] 
[dev:api] Job: Staff CX Software Engineer at Digitalassetcorp
[dev:api] Status: Rejected
[dev:api] Reasons:
[dev:api] - Location mismatch
[dev:api] 
[dev:api] Job: Senior Technical Support Engineer at Digitalassetcorp
[dev:api] Status: Rejected
[dev:api] Reasons:
[dev:api] - Location mismatch
[dev:api] 
[dev:api] Job: Senior CX Software Engineer at Digitalassetcorp
[dev:api] Status: Rejected
[dev:api] Reasons:
[dev:api] - Location mismatch
[dev:api] 
[dev:api] Job: Sr. Counsel - Regulatory at Kraken
[dev:api] Status: Rejected
[dev:api] Reasons:
[dev:api] - Location mismatch
[dev:api] 
[dev:api] Job: Marketplace Advertising Senior Associate at Luzern eCommerce Group
[dev:api] Status: Rejected
[dev:api] Reasons:
[dev:api] - Location mismatch
[dev:api] 
[dev:api] Job: Consumable Sales-Shandong at Agilent Technologies
[dev:api] Status: Rejected
[dev:api] Reasons:
[dev:api] - Location mismatch
[dev:api] 
[dev:api] Job: Solutions Consultant - Mid Market, APAC at PriceLabs
[dev:api] Status: Rejected
[dev:api] Reasons:
[dev:api] - Location mismatch
[dev:api] 
[dev:api] Job: Marketing Manager at Canonical Ltd.
[dev:api] Status: Rejected
[dev:api] Reasons:
[dev:api] - Location mismatch
[dev:api] 
[dev:api] Job: Account Executive - Canada - Enterprise at Elevenlabs
[dev:api] Status: Rejected
[dev:api] Reasons:
[dev:api] - Location mismatch
[dev:api] 
[dev:api] Job: Account Executive - Canada - Corporate at Elevenlabs
[dev:api] Status: Rejected
[dev:api] Reasons:
[dev:api] - Location mismatch
[dev:api] 
[dev:api] Job: Territory Sales Representative - Connacht at Genuit Group
[dev:api] Status: Rejected
[dev:api] Reasons:
[dev:api] - Location mismatch
[dev:api] 
[dev:api] Job: Customer Acquisition Specialist, Fixed Term Contract at Monzo
[dev:api] Status: Rejected
[dev:api] Reasons:
[dev:api] - Location mismatch
[dev:api] 
[dev:api] Job: Paid Media Strategist - PPC & SEO Client Success at Gannett
[dev:api] Status: Rejected
[dev:api] Reasons:
[dev:api] - Location mismatch
[dev:api] 
[dev:api] Job: Manager, SEO AEO at Veeam Software
[dev:api] Status: Rejected
[dev:api] Reasons:
[dev:api] - Location mismatch
[dev:api] 
[dev:api] Job: Senior Solutions Architect I, Pre-Sales - South Korea Defense & Intelligence at Planet Labs Inc.
[dev:api] Status: Rejected
[dev:api] Reasons:
[dev:api] - Location mismatch
[dev:api] 
[dev:api] Job: Enterprise Sales Director at Fivetran
[dev:api] Status: Rejected
[dev:api] Reasons:
[dev:api] - Location mismatch
[dev:api] 
[dev:api] Job: Senior Enterprise Renewal Representative- Enterprise Accounts- Italian Speaker at Autodesk
[dev:api] Status: Rejected
[dev:api] Reasons:
[dev:api] - Location mismatch
[dev:api] 
[dev:api] Job: Global Alliance Lead at Fivetran
[dev:api] Status: Rejected
[dev:api] Reasons:
[dev:api] - Location mismatch
[dev:api] 
[dev:api] Job: Senior Account Executive, Enterprise at Fivetran
[dev:api] Status: Rejected
[dev:api] Reasons:
[dev:api] - Location mismatch
[dev:api] 
[dev:api] Job: Renewals Representative, Account Based, Denmark at Autodesk
[dev:api] Status: Rejected
[dev:api] Reasons:
[dev:api] - Location mismatch
[dev:api] 
[dev:api] Job: Partner Sales Specialist at Fortive
[dev:api] Status: Rejected
[dev:api] Reasons:
[dev:api] - Location mismatch
[dev:api] 
[dev:api] Job: Alliances & Channels Leader at Canonical Ltd.
[dev:api] Status: Rejected
[dev:api] Reasons:
[dev:api] - Location mismatch
[dev:api] 
[dev:api] Job: Regional Sales Manager (MSP) at Cribl
[dev:api] Status: Rejected
[dev:api] Reasons:
[dev:api] - Location mismatch
[dev:api] 
[dev:api] Job: Presales Systems Engineer - Southern Germany at Fortinet
[dev:api] Status: Rejected
[dev:api] Reasons:
[dev:api] - Location mismatch
[dev:api] 
[dev:api] Job: Senior Manager, Key Accounts Sales at Affirm
[dev:api] Status: Rejected
[dev:api] Reasons:
[dev:api] - Location mismatch
[dev:api] 
[dev:api] Job: Sales Development Representative US (B2B) at TripleTen
[dev:api] Status: Rejected
[dev:api] Reasons:
[dev:api] - Location mismatch
[dev:api] 
[dev:api] Job: Salesforce Sales Manager (m/f/d) at Nagarro
[dev:api] Status: Rejected
[dev:api] Reasons:
[dev:api] - Location mismatch
[dev:api] 
[dev:api] Job: Senior Sales Operations Analyst - Shockwave Medical at Johnson &#038; Johnson
[dev:api] Status: Rejected
[dev:api] Reasons:
[dev:api] - Location mismatch
[dev:api] 
[dev:api] Job: VP, Multinational/Traditional Corp Sales at BCD Travel
[dev:api] Status: Rejected
[dev:api] Reasons:
[dev:api] - Location mismatch
[dev:api] 
[dev:api] Job: Enterprise Sales Engineer - Toronto at Samsara
[dev:api] Status: Rejected
[dev:api] Reasons:
[dev:api] - Location mismatch
[dev:api] 
[dev:api] Job: Senior Sales Engineer, Enterprise - German Speaking at Fivetran
[dev:api] Status: Rejected
[dev:api] Reasons:
[dev:api] - Location mismatch
[dev:api] 
[dev:api] Job: Sales Manager Calabria e Sicilia at QuidelOrtho
[dev:api] Status: Rejected
[dev:api] Reasons:
[dev:api] - Location mismatch
[dev:api] 
[dev:api] Job: Partner Account Executive (M/F) at Akamai Technologies
[dev:api] Status: Rejected
[dev:api] Reasons:
[dev:api] - Location mismatch
[dev:api] 
[dev:api] Job: Promo Features Marketing & Commercialisation Lead at Playson
[dev:api] Status: Rejected
[dev:api] Reasons:
[dev:api] - Location mismatch
[dev:api] 
[dev:api] Job: Sales Specialist General Imaging Ultrasound(GI) at GE HealthCare
[dev:api] Status: Rejected
[dev:api] Reasons:
[dev:api] - Location mismatch
[dev:api] 
[dev:api] Job: Senior Manager, Deal Desk at Eightfold
[dev:api] Status: Rejected
[dev:api] Reasons:
[dev:api] - Location mismatch
[dev:api] 
[dev:api] Job: Sales Development Representative at SMB Team
[dev:api] Status: Rejected
[dev:api] Reasons:
[dev:api] - Location mismatch
[dev:api] 
[dev:api] Job: Client Manager - Insights at NielsenIQ
[dev:api] Status: Rejected
[dev:api] Reasons:
[dev:api] - Location mismatch
[dev:api] 
[dev:api] Job: Insurance Sales Representative at Legendary Allen Agency
[dev:api] Status: Rejected
[dev:api] Reasons:
[dev:api] - Location mismatch
[dev:api] 
[dev:api] Job: Customer Development Manager, CVS at Colgate-Palmolive
[dev:api] Status: Rejected
[dev:api] Reasons:
[dev:api] - Location mismatch
[dev:api] 
[dev:api] Job: Regional Sales Manager - Heart Failure (North UK) at Abbott
[dev:api] Status: Rejected
[dev:api] Reasons:
[dev:api] - Location mismatch
[dev:api] 
[dev:api] Job: GTM Strategy & Operations Manager - EU / UK at Marqeta
[dev:api] Status: Rejected
[dev:api] Reasons:
[dev:api] - Location mismatch
[dev:api] 
[dev:api] Job: Enterprise Account Executive - Netherlands at Elevenlabs
[dev:api] Status: Rejected
[dev:api] Reasons:
[dev:api] - Location mismatch
[dev:api] 
[dev:api] Job: Enterprise Account Executive EU (B2B) at TripleTen
[dev:api] Status: Rejected
[dev:api] Reasons:
[dev:api] - Location mismatch
[dev:api] 
[dev:api] Job: Senior Enterprise Account Executive US (B2B) at TripleTen
[dev:api] Status: Rejected
[dev:api] Reasons:
[dev:api] - Location mismatch
[dev:api] 
[dev:api] Job: Business Development Manager – West Coast (CA/AZ/WA) at Fresh Clinics
[dev:api] Status: Rejected
[dev:api] Reasons:
[dev:api] - Location mismatch
[dev:api] 
[dev:api] Job: Health Systems Business Development Manager (Baltimore, MD) at Lyra Health
[dev:api] Status: Rejected
[dev:api] Reasons:
[dev:api] - Location mismatch
[dev:api] 
[dev:api] Job: Manager, Business Development at Braze
[dev:api] Status: Rejected
[dev:api] Reasons:
[dev:api] - Location mismatch
[dev:api] 
[dev:api] Job: Principal AI Go-to-Market Operations Engineer at QAD, Inc.
[dev:api] Status: Rejected
[dev:api] Reasons:
[dev:api] - Location mismatch
[dev:api] 
[dev:api] Job: Account Director - Agencies at NielsenIQ
[dev:api] Status: Rejected
[dev:api] Reasons:
[dev:api] - Location mismatch
[dev:api] 
[dev:api] Job: Entry Level Sales Manager (Boston, MA) at SIGVARIS GROUP USA
[dev:api] Status: Rejected
[dev:api] Reasons:
[dev:api] - Location mismatch
[dev:api] 
[dev:api] Job: Salesforce Marketing Cloud Platform Manager (Pharmaceutical Sector) at Omega CRM
[dev:api] Status: Rejected
[dev:api] Reasons:
[dev:api] - Location mismatch
[dev:api] 
[dev:api] Job: Senior Consultant, Professional Services at EDB
[dev:api] Status: Rejected
[dev:api] Reasons:
[dev:api] - Location mismatch
[dev:api] 
[dev:api] Job: Senior Email Marketing Manager at Ruby Labs
[dev:api] Status: Rejected
[dev:api] Reasons:
[dev:api] - Location mismatch
[dev:api] 
[dev:api] Job: Performance Marketing Lead (Native Ads) at CapsLock
[dev:api] Status: Rejected
[dev:api] Reasons:
[dev:api] - Location mismatch
