
> career-orbit@1.0.0 dev
> concurrently -k "npm:dev:api" "npm:dev:web"

[dev:api] 
[dev:api] > career-orbit@1.0.0 dev:api
[dev:api] > node server/index.mjs
[dev:api] 
[dev:web] 
[dev:web] > career-orbit@1.0.0 dev:web
[dev:web] > vite --configLoader runner
[dev:web] 
[dev:api] Career Orbit API listening on http://localhost:8787
[dev:web] 
[dev:web]   VITE v6.4.3  ready in 387 ms
[dev:web] 
[dev:web]   ➜  Local:   http://localhost:5173/
[dev:web]   ➜  Network: use --host to expose
[dev:web] 11:40:47 am [vite] (client) hmr update /src/main.tsx
[dev:web] 11:40:48 am [vite] (client) hmr invalidate /src/main.tsx Could not Fast Refresh ("true" export is incompatible). Learn more at https://github.com/vitejs/vite-plugin-react/tree/main/packages/plugin-react#consistent-components-exports
[dev:web] 11:40:48 am [vite] (client) page reload src/main.tsx
[dev:web] 11:41:02 am [vite] (client) hmr update /src/styles.css
