
> career-orbit@1.0.0 dev
> concurrently -k "npm:dev:api" "npm:dev:web"

[dev:api] 
[dev:api] > career-orbit@1.0.0 dev:api
[dev:api] > node server/index.mjs
[dev:api] 
[dev:web] 
[dev:web] > career-orbit@1.0.0 dev:web
[dev:web] > vite --configLoader runner
[dev:web] 
[dev:web] 
[dev:web]   VITE v6.4.3  ready in 978 ms
[dev:web] 
[dev:web]   ➜  Local:   http://localhost:5173/
[dev:web]   ➜  Network: use --host to expose
[dev:api] Career Orbit API listening on http://localhost:8788
[dev:web] 5:18:46 pm [vite] http proxy error: /api/resumes
[dev:web] AggregateError [ECONNREFUSED]: 
[dev:web]     at internalConnectMultiple (node:net:1142:49)
[dev:web]     at afterConnectMultiple (node:net:1723:7)
[dev:web] 5:19:24 pm [vite] http proxy error: /api/resume
[dev:web] AggregateError [ECONNREFUSED]: 
[dev:web]     at internalConnectMultiple (node:net:1142:49)
[dev:web]     at afterConnectMultiple (node:net:1723:7)
[dev:web] 5:19:34 pm [vite] http proxy error: /api/resume
[dev:web] AggregateError [ECONNREFUSED]: 
[dev:web]     at internalConnectMultiple (node:net:1142:49)
[dev:web]     at afterConnectMultiple (node:net:1723:7)
[dev:web] 5:20:53 pm [vite] http proxy error: /api/resumes
[dev:web] AggregateError [ECONNREFUSED]: 
[dev:web]     at internalConnectMultiple (node:net:1142:49)
[dev:web]     at afterConnectMultiple (node:net:1723:7)
[dev:web] 5:21:01 pm [vite] http proxy error: /api/resume
[dev:web] AggregateError [ECONNREFUSED]: 
[dev:web]     at internalConnectMultiple (node:net:1142:49)
[dev:web]     at afterConnectMultiple (node:net:1723:7)
[dev:web] 5:23:44 pm [vite] (client) hmr update /src/styles.css
[dev:web] 5:24:13 pm [vite] (client) hmr update /src/main.tsx
[dev:web] 5:24:13 pm [vite] (client) hmr invalidate /src/main.tsx Could not Fast Refresh ("true" export is incompatible). Learn more at https://github.com/vitejs/vite-plugin-react/tree/main/packages/plugin-react#consistent-components-exports
[dev:web] 5:24:13 pm [vite] (client) page reload src/main.tsx
[dev:web] 5:24:13 pm [vite] http proxy error: /api/resumes
[dev:web] AggregateError [ECONNREFUSED]: 
[dev:web]     at internalConnectMultiple (node:net:1142:49)
[dev:web]     at afterConnectMultiple (node:net:1723:7)
[dev:web] 5:24:15 pm [vite] http proxy error: /api/resumes
[dev:web] AggregateError [ECONNREFUSED]: 
[dev:web]     at internalConnectMultiple (node:net:1142:49)
[dev:web]     at afterConnectMultiple (node:net:1723:7)
[dev:web] 5:25:40 pm [vite] (client) hmr update /src/main.tsx
[dev:web] 5:25:40 pm [vite] (client) hmr invalidate /src/main.tsx Could not Fast Refresh ("true" export is incompatible). Learn more at https://github.com/vitejs/vite-plugin-react/tree/main/packages/plugin-react#consistent-components-exports
[dev:web] 5:25:40 pm [vite] (client) page reload src/main.tsx
[dev:web] 5:25:40 pm [vite] http proxy error: /api/resumes
[dev:web] AggregateError [ECONNREFUSED]: 
[dev:web]     at internalConnectMultiple (node:net:1142:49)
[dev:web]     at afterConnectMultiple (node:net:1723:7)
[dev:web] 5:25:40 pm [vite] http proxy error: /api/resumes
[dev:web] AggregateError [ECONNREFUSED]: 
[dev:web]     at internalConnectMultiple (node:net:1142:49)
[dev:web]     at afterConnectMultiple (node:net:1723:7)
[dev:web] 5:28:25 pm [vite] http proxy error: /api/resumes
[dev:web] AggregateError [ECONNREFUSED]: 
[dev:web]     at internalConnectMultiple (node:net:1142:49)
[dev:web]     at afterConnectMultiple (node:net:1723:7)
[dev:web] 5:29:28 pm [vite] http proxy error: /api/resumes
[dev:web] AggregateError [ECONNREFUSED]: 
[dev:web]     at internalConnectMultiple (node:net:1142:49)
[dev:web]     at afterConnectMultiple (node:net:1723:7)
[dev:web] 5:29:33 pm [vite] http proxy error: /api/resume
[dev:web] AggregateError [ECONNREFUSED]: 
[dev:web]     at internalConnectMultiple (node:net:1142:49)
[dev:web]     at afterConnectMultiple (node:net:1723:7)
[dev:web] 5:36:29 pm [vite] http proxy error: /api/resumes
[dev:web] AggregateError [ECONNREFUSED]: 
[dev:web]     at internalConnectMultiple (node:net:1142:49)
[dev:web]     at afterConnectMultiple (node:net:1723:7)
[dev:web] 5:36:31 pm [vite] http proxy error: /api/resumes
[dev:web] AggregateError [ECONNREFUSED]: 
[dev:web]     at internalConnectMultiple (node:net:1142:49)
[dev:web]     at afterConnectMultiple (node:net:1723:7)
[dev:web] 5:36:36 pm [vite] http proxy error: /api/resume
[dev:web] AggregateError [ECONNREFUSED]: 
[dev:web]     at internalConnectMultiple (node:net:1142:49)
[dev:web]     at afterConnectMultiple (node:net:1723:7)
[dev:web] 5:36:48 pm [vite] http proxy error: /api/resumes
[dev:web] AggregateError [ECONNREFUSED]: 
[dev:web]     at internalConnectMultiple (node:net:1142:49)
[dev:web]     at afterConnectMultiple (node:net:1723:7)
[dev:web] 5:36:48 pm [vite] http proxy error: /api/resumes
[dev:web] AggregateError [ECONNREFUSED]: 
[dev:web]     at internalConnectMultiple (node:net:1142:49)
[dev:web]     at afterConnectMultiple (node:net:1723:7)
[dev:web] 5:36:48 pm [vite] http proxy error: /api/resumes
[dev:web] AggregateError [ECONNREFUSED]: 
[dev:web]     at internalConnectMultiple (node:net:1142:49)
[dev:web]     at afterConnectMultiple (node:net:1723:7)
[dev:web] 5:36:48 pm [vite] http proxy error: /api/resumes
[dev:web] AggregateError [ECONNREFUSED]: 
[dev:web]     at internalConnectMultiple (node:net:1142:49)
[dev:web]     at afterConnectMultiple (node:net:1723:7)
[dev:web] 5:36:48 pm [vite] http proxy error: /api/resumes
[dev:web] AggregateError [ECONNREFUSED]: 
[dev:web]     at internalConnectMultiple (node:net:1142:49)
[dev:web]     at afterConnectMultiple (node:net:1723:7)
[dev:web] 5:36:48 pm [vite] http proxy error: /api/resumes
[dev:web] AggregateError [ECONNREFUSED]: 
[dev:web]     at internalConnectMultiple (node:net:1142:49)
[dev:web]     at afterConnectMultiple (node:net:1723:7)
[dev:web] 5:36:57 pm [vite] http proxy error: /api/resume
[dev:web] AggregateError [ECONNREFUSED]: 
[dev:web]     at internalConnectMultiple (node:net:1142:49)
[dev:web]     at afterConnectMultiple (node:net:1723:7)
[dev:web] 5:36:59 pm [vite] http proxy error: /api/agent/run
[dev:web] AggregateError [ECONNREFUSED]: 
[dev:web]     at internalConnectMultiple (node:net:1142:49)
[dev:web]     at afterConnectMultiple (node:net:1723:7)
[dev:web] 5:50:23 pm [vite] http proxy error: /api/resumes
[dev:web] AggregateError [ECONNREFUSED]: 
[dev:web]     at internalConnectMultiple (node:net:1142:49)
[dev:web]     at afterConnectMultiple (node:net:1723:7)
[dev:web] 5:50:31 pm [vite] http proxy error: /api/resume
[dev:web] AggregateError [ECONNREFUSED]: 
[dev:web]     at internalConnectMultiple (node:net:1142:49)
[dev:web]     at afterConnectMultiple (node:net:1723:7)
[dev:web] 5:52:06 pm [vite] http proxy error: /api/resumes
[dev:web] AggregateError [ECONNREFUSED]: 
[dev:web]     at internalConnectMultiple (node:net:1142:49)
[dev:web]     at afterConnectMultiple (node:net:1723:7)
[dev:web] 5:52:07 pm [vite] http proxy error: /api/resumes
[dev:web] AggregateError [ECONNREFUSED]: 
[dev:web]     at internalConnectMultiple (node:net:1142:49)
[dev:web]     at afterConnectMultiple (node:net:1723:7)
[dev:web] 5:58:24 pm [vite] (client) hmr update /src/styles.css
[dev:web] 5:59:23 pm [vite] (client) hmr update /src/main.tsx
[dev:web] 5:59:24 pm [vite] (client) hmr invalidate /src/main.tsx Could not Fast Refresh ("true" export is incompatible). Learn more at https://github.com/vitejs/vite-plugin-react/tree/main/packages/plugin-react#consistent-components-exports
[dev:web] 5:59:24 pm [vite] (client) page reload src/main.tsx
[dev:web] 5:59:24 pm [vite] http proxy error: /api/resumes
[dev:web] AggregateError [ECONNREFUSED]: 
[dev:web]     at internalConnectMultiple (node:net:1142:49)
[dev:web]     at afterConnectMultiple (node:net:1723:7)
[dev:web] 5:59:25 pm [vite] http proxy error: /api/resumes
[dev:web] AggregateError [ECONNREFUSED]: 
[dev:web]     at internalConnectMultiple (node:net:1142:49)
[dev:web]     at afterConnectMultiple (node:net:1723:7)
[dev:web] 6:02:47 pm [vite] http proxy error: /api/resumes
[dev:web] AggregateError [ECONNREFUSED]: 
[dev:web]     at internalConnectMultiple (node:net:1142:49)
[dev:web]     at afterConnectMultiple (node:net:1723:7)
[dev:web] 6:02:56 pm [vite] http proxy error: /api/resume
[dev:web] AggregateError [ECONNREFUSED]: 
[dev:web]     at internalConnectMultiple (node:net:1142:49)
[dev:web]     at afterConnectMultiple (node:net:1723:7)
[dev:web] 6:03:04 pm [vite] http proxy error: /api/resume
[dev:web] AggregateError [ECONNREFUSED]: 
[dev:web]     at internalConnectMultiple (node:net:1142:49)
[dev:web]     at afterConnectMultiple (node:net:1723:7)
[dev:web] 6:32:13 pm [vite] http proxy error: /api/resumes
[dev:web] AggregateError [ECONNREFUSED]: 
[dev:web]     at internalConnectMultiple (node:net:1142:49)
[dev:web]     at afterConnectMultiple (node:net:1723:7)
[dev:web] 6:36:52 pm [vite] vite.config.js changed, restarting server...
[dev:web] 6:36:52 pm [vite] server restarted.
