
> client@0.0.0 dev
> vite

10:44:19 am [vite] (client) Re-optimizing dependencies because lockfile has changed

  VITE v8.2.0  ready in 318 ms

  ➜  Local:   http://localhost:5173/
  ➜  Network: http://10.122.89.145:5173/  Wi-Fi
11:33:04 am [vite] (client) [console.warn] THREE.Clock: This module has been deprecated. Please use THREE.Timer instead.
11:33:04 am [vite] (client) [console.warn] using deprecated parameters for the initialization function; pass a single object instead
11:33:04 am [vite] (client) [console.warn] THREE.FBXLoader: Vertex has more than 4 skinning weights assigned to vertex. Deleting additional weights.
11:33:04 am [vite] (client) [console.warn] THREE.FBXLoader: Vertex has more than 4 skinning weights assigned to vertex. Deleting additional weights.
11:33:04 am [vite] (client) [console.warn] THREE.FBXLoader: Vertex has more than 4 skinning weights assigned to vertex. Deleting additional weights.
11:33:04 am [vite] (client) [console.warn] THREE.WebGLShadowMap: PCFSoftShadowMap has been deprecated. Using PCFShadowMap instead.
11:34:41 am [vite] (client) [Unhandled rejection] SecurityError: Pointer lock cannot be acquired immediately after the user has exited the lock.

11:34:46 am [vite] (client) [Unhandled rejection] SecurityError: Pointer lock cannot be acquired immediately after the user has exited the lock.

11:34:50 am [vite] (client) [Unhandled rejection] SecurityError: Pointer lock cannot be acquired immediately after the user has exited the lock.

11:41:37 am [vite] (client) [console.warn] THREE.Clock: This module has been deprecated. Please use THREE.Timer instead.
11:41:37 am [vite] (client) [console.warn] using deprecated parameters for the initialization function; pass a single object instead
11:41:37 am [vite] (client) [console.warn] THREE.FBXLoader: Vertex has more than 4 skinning weights assigned to vertex. Deleting additional weights.
11:41:37 am [vite] (client) [console.warn] THREE.FBXLoader: Vertex has more than 4 skinning weights assigned to vertex. Deleting additional weights.
11:41:37 am [vite] (client) [console.warn] THREE.FBXLoader: Vertex has more than 4 skinning weights assigned to vertex. Deleting additional weights.
11:41:37 am [vite] (client) [console.warn] THREE.WebGLShadowMap: PCFSoftShadowMap has been deprecated. Using PCFShadowMap instead.
1:30:08 pm [vite] (client) [console.warn] THREE.Clock: This module has been deprecated. Please use THREE.Timer instead.
1:30:08 pm [vite] (client) [console.warn] using deprecated parameters for the initialization function; pass a single object instead
1:30:08 pm [vite] (client) [console.warn] THREE.FBXLoader: Vertex has more than 4 skinning weights assigned to vertex. Deleting additional weights.
1:30:09 pm [vite] (client) [console.warn] THREE.FBXLoader: Vertex has more than 4 skinning weights assigned to vertex. Deleting additional weights.
1:30:09 pm [vite] (client) [console.warn] THREE.FBXLoader: Vertex has more than 4 skinning weights assigned to vertex. Deleting additional weights.
1:30:09 pm [vite] (client) [console.warn] THREE.WebGLShadowMap: PCFSoftShadowMap has been deprecated. Using PCFShadowMap instead.
